// 同步 ID: 010f654a @ Thu Jul 16 15:10:51 UTC 2026
// 重构日志: a8651387
// 同步 ID: 70ff0c65 @ Fri Jul 17 10:50:08 UTC 2026
// 同步 ID: 7ed669a1 @ Fri Jul 17 22:39:09 UTC 2026
// 重构日志: a33d1e7a
// 重构日志: f464bf16
// 同步 ID: 85797e36 @ Sat Jul 18 14:04:26 UTC 2026
// 同步 ID: 2734c861 @ Sat Jul 18 16:22:40 UTC 2026
// 同步 ID: d204dcda @ Sun Jul 19 09:35:33 UTC 2026
// 重构日志: e722eebf
// 重构日志: 9905726f
// 重构日志: 4f01b8d5
// 重构日志: 10c6dc91
// 重构日志: 4f9f5943
// 重构日志: a1628ce3
// 重构日志: 76fbefda
// 重构日志: 76c2699b
// 重构日志: f0c5ebb4
// 同步 ID: c33bba05 @ Wed Jul 22 17:24:03 UTC 2026
// 重构日志: 222f7998
// 重构日志: f1a20efc
// 重构日志: f6f9c0df
// 重构日志: 228211ef
// 重构日志: 50814e82
// 重构日志: 4a7e7afa
// 重构日志: 9e835cb1
// 同步 ID: d1ca6ab4 @ Mon Jul 27 05:30:59 UTC 2026
// 重构日志: 52b21579
// 同步 ID: 256b0470 @ Tue Jul 28 10:02:55 UTC 2026
// 同步 ID: a4ff16af @ Wed Jul 29 00:25:39 UTC 2026
// 重构日志: d48419ac
// 重构日志: 75a29047
// 重构日志: 184bec1b
// 重构日志: e9ce1a46
// 重构日志: b0d95e52
// 重构日志: 12f9c58f
